2025-10-19 01:06:57.580 xcodebuild[42502:1940004]  DVTFilePathFSEvents: Failed to start fs event stream.
2025-10-19 01:06:57.684 xcodebuild[42502:1939999] [MT] DVTDeveloperPaths: Failed to get length of DARWIN_USER_CACHE_DIR from confstr(3), error = Error Domain=NSPOSIXErrorDomain Code=5 "Input/output error". Using NSCachesDirectory instead.
2025-10-19 01:06:57.879 xcodebuild[42502:1940003] CoreSimulatorService connection became invalid.  Simulator services will no longer be available.
2025-10-19 01:06:57.879 xcodebuild[42502:1940041] Logging connecton invalid: <OS_xpc_error: <dictionary: 0x20773fc30> { count = 1, transaction: 0, voucher = 0x0, contents =
	"XPCErrorDescription" => <string: 0x20773fd78> { string cache = 0x0, length = 18, contents = "Connection invalid" }
}>
[-[SimServiceContext sendRequest:]:1743] ERROR : Unable to deliver request ({
    "developer_dir" = "/Applications/Xcode.app/Contents/Developer";
    request = "set_developer_dir";
}) because we are not connected to CoreSimulatorService.
Command line invocation:
    /Applications/Xcode.app/Contents/Developer/usr/bin/xcodebuild -scheme NotchToDo -configuration Debug build

2025-10-19 01:06:57.912 xcodebuild[42502:1939999] [MT] DVTAssertions: Warning in DVTFrameworks/DVTFoundation/FileTypes/DVTFileDataTypeDetection.m:79
Details:  detectedTypeIdentifier (com.apple.binary-property-list) does not conform to matchedTypeIdentifier in MagicFileDataTypeDetector extenson com.apple.property-list. When both are specified, this conformance is required unless overridden by setting allowNonInheritance. extension.identifier:Xcode.MagicFileDataTypeDetector.BinaryPlist
Object:   <DVTFileDataTypeDetectionMagicCache: 0x7abe91290>
Method:   -initWithExtension:
Thread:   <_NSMainThread: 0x100cc92d0>{number = 1, name = main}
Please file a bug at https://feedbackassistant.apple.com with this warning message and any useful information you can provide.
2025-10-19 01:06:57.913 xcodebuild[42502:1939999] [MT] DVTAssertions: Warning in DVTFrameworks/DVTFoundation/FileTypes/DVTFileDataTypeDetection.m:79
Details:  detectedTypeIdentifier (com.apple.xml-property-list) does not conform to matchedTypeIdentifier in MagicFileDataTypeDetector extenson com.apple.property-list. When both are specified, this conformance is required unless overridden by setting allowNonInheritance. extension.identifier:Xcode.MagicFileDataTypeDetector.XMLPlist
Object:   <DVTFileDataTypeDetectionMagicCache: 0x7abe919e0>
Method:   -initWithExtension:
Thread:   <_NSMainThread: 0x100cc92d0>{number = 1, name = main}
Please file a bug at https://feedbackassistant.apple.com with this warning message and any useful information you can provide.
[-[SimServiceContext initWithDeveloperDir:connectionType:error:]:450] WARN  : Unable to discover any Simulator runtimes. Developer Directory is /Applications/Xcode.app/Contents/Developer.
[-[SimDiskImageManager init]:175] ERROR : Could not kickstart simdiskimaged; SimDiskImageManager services will not be available: Error Domain=NSPOSIXErrorDomain Code=53 "Software caused connection abort" UserInfo={NSLocalizedDescription=Error returned in reply from CoreSimulatorService: Connection invalid}
[-[SimDiskImageManager _onQueue_checkConnection:]:239] ERROR : simdiskimaged returned error (invalid), marking disconnected.
[-[SimDiskImageManager _onQueue_checkConnection:]:239] ERROR : simdiskimaged returned error (invalid), marking disconnected.
[-[SimServiceContext initWithDeveloperDir:connectionType:error:]_block_invoke:486] ERROR : Could not get list of trusted mount directories: Error Domain=com.apple.CoreSimulator.SimError Code=410 "The service used to manage runtime disk images (simdiskimaged) crashed or is not responding" UserInfo={NSLocalizedDescription=The service used to manage runtime disk images (simdiskimaged) crashed or is not responding}
[-[SimServiceContext sendRequest:reply:error:]:1763] ERROR : Unable to deliver request ({
    request = "notification_subscription";
    "set_path" = "/Users/kealanjones/Library/Developer/CoreSimulator/Devices";
}) because we are not connected to CoreSimulatorService.
2025-10-19 01:06:57.918 xcodebuild[42502:1940004] Error Domain=NSPOSIXErrorDomain Code=61 "Connection refused" UserInfo={NSLocalizedDescription=CoreSimulatorService connection became invalid.  Simulator services will no longer be available.}
[-[SimServiceContext sendRequest:reply:error:]:1763] ERROR : Unable to deliver request ({
    request = "notification_subscription";
    "set_path" = "/Users/kealanjones/Library/Developer/CoreSimulator/Devices";
}) because we are not connected to CoreSimulatorService.
2025-10-19 01:06:57.919 xcodebuild[42502:1940004]  IDESimulatorAvailability: startObservingSimulatorUpdates() FAILED to register SimDeviceSet observer
2025-10-19 01:06:57.919 xcodebuild[42502:1940040] Error Domain=NSPOSIXErrorDomain Code=61 "Connection refused" UserInfo={NSLocalizedDescription=CoreSimulatorService connection became invalid.  Simulator services will no longer be available.}
2025-10-19 01:06:57.919 xcodebuild[42502:1940040]  iOSSimulator: [SimServiceContext defaultDeviceSetWithError:] returned nil (Error Domain=NSPOSIXErrorDomain Code=61 "Connection refused" UserInfo={NSLocalizedFailureReason=Failed to subscribe to notifications from CoreSimulatorService., NSLocalizedDescription=Failed to initialize simulator device set., NSUnderlyingError=0x7abe70e40 {Error Domain=NSPOSIXErrorDomain Code=61 "Connection refused" UserInfo={NSLocalizedDescription=CoreSimulatorService connection became invalid.  Simulator services will no longer be available.}}}). Simulator device support disabled.
--- xcodebuild: WARNING: Using the first of multiple matching destinations:
{ platform:macOS, arch:arm64, id:00006041-0018202C3460801C, name:My Mac }
{ platform:macOS, arch:x86_64, id:00006041-0018202C3460801C, name:My Mac }
{ platform:macOS, name:Any Mac }
ComputePackagePrebuildTargetDependencyGraph

Prepare packages

CreateBuildRequest

SendProjectDescription

CreateBuildOperation

ComputeTargetDependencyGraph
note: Building targets in dependency order
note: Target dependency graph (1 target)
    Target 'NotchToDo' in project 'NotchToDo' (no dependencies)

GatherProvisioningInputs

CreateBuildDescription

ClangStatCache /Applications/Xcode.app/Contents/Developer/Toolchains/XcodeDefault.xctoolchain/usr/bin/clang-stat-cache /Applications/Xcode.app/Contents/Developer/Platforms/MacOSX.platform/Developer/SDKs/MacOSX26.0.sdk /Users/kealanjones/Library/Developer/Xcode/DerivedData/SDKStatCaches.noindex/macosx26.0-25A352-28806144b0707e398aac92880fa50324.sdkstatcache
    cd /Users/kealanjones/Desktop/Notch/NotchToDo/NotchToDo.xcodeproj
    /Applications/Xcode.app/Contents/Developer/Toolchains/XcodeDefault.xctoolchain/usr/bin/clang-stat-cache /Applications/Xcode.app/Contents/Developer/Platforms/MacOSX.platform/Developer/SDKs/MacOSX26.0.sdk -o /Users/kealanjones/Library/Developer/Xcode/DerivedData/SDKStatCaches.noindex/macosx26.0-25A352-28806144b0707e398aac92880fa50324.sdkstatcache
Failed to create FS event stream. Considering the cache up-to-date.

note: Disabling hardened runtime with ad-hoc codesigning. (in target 'NotchToDo' from project 'NotchToDo')
SwiftDriver NotchToDo normal arm64 com.apple.xcode.tools.swift.compiler (in target 'NotchToDo' from project 'NotchToDo')
    cd /Users/kealanjones/Desktop/Notch/NotchToDo
    builtin-SwiftDriver -- /Applications/Xcode.app/Contents/Developer/Toolchains/XcodeDefault.xctoolchain/usr/bin/swiftc -module-name NotchToDo -Onone -enforce-exclusivity\=checked @/Users/kealanjones/Library/Developer/Xcode/DerivedData/NotchToDo-aodeyrgkybjnkmaueabdbbyvncfx/Build/Intermediates.noindex/NotchToDo.build/Debug/NotchToDo.build/Objects-normal/arm64/NotchToDo.SwiftFileList -DDEBUG -enable-bare-slash-regex -enable-experimental-feature DebugDescriptionMacro -sdk /Applications/Xcode.app/Contents/Developer/Platforms/MacOSX.platform/Developer/SDKs/MacOSX26.0.sdk -target arm64-apple-macos13.0 -g -module-cache-path /Users/kealanjones/Library/Developer/Xcode/DerivedData/ModuleCache.noindex -Xfrontend -serialize-debugging-options -enable-testing -index-store-path /Users/kealanjones/Library/Developer/Xcode/DerivedData/NotchToDo-aodeyrgkybjnkmaueabdbbyvncfx/Index.noindex/DataStore -Xcc -D_LIBCPP_HARDENING_MODE\=_LIBCPP_HARDENING_MODE_DEBUG -swift-version 5 -I /Users/kealanjones/Library/Developer/Xcode/DerivedData/NotchToDo-aodeyrgkybjnkmaueabdbbyvncfx/Build/Products/Debug -F /Users/kealanjones/Library/Developer/Xcode/DerivedData/NotchToDo-aodeyrgkybjnkmaueabdbbyvncfx/Build/Products/Debug -emit-localized-strings -emit-localized-strings-path /Users/kealanjones/Library/Developer/Xcode/DerivedData/NotchToDo-aodeyrgkybjnkmaueabdbbyvncfx/Build/Intermediates.noindex/NotchToDo.build/Debug/NotchToDo.build/Objects-normal/arm64 -c -j16 -enable-batch-mode -incremental -Xcc -ivfsstatcache -Xcc /Users/kealanjones/Library/Developer/Xcode/DerivedData/SDKStatCaches.noindex/macosx26.0-25A352-28806144b0707e398aac92880fa50324.sdkstatcache -output-file-map /Users/kealanjones/Library/Developer/Xcode/DerivedData/NotchToDo-aodeyrgkybjnkmaueabdbbyvncfx/Build/Intermediates.noindex/NotchToDo.build/Debug/NotchToDo.build/Objects-normal/arm64/NotchToDo-OutputFileMap.json -use-frontend-parseable-output -save-temps -no-color-diagnostics -explicit-module-build -module-cache-path /Users/kealanjones/Library/Developer/Xcode/DerivedData/NotchToDo-aodeyrgkybjnkmaueabdbbyvncfx/Build/Intermediates.noindex/SwiftExplicitPrecompiledModules -clang-scanner-module-cache-path /Users/kealanjones/Library/Developer/Xcode/DerivedData/ModuleCache.noindex -sdk-module-cache-path /Users/kealanjones/Library/Developer/Xcode/DerivedData/ModuleCache.noindex -serialize-diagnostics -emit-dependencies -emit-module -emit-module-path /Users/kealanjones/Library/Developer/Xcode/DerivedData/NotchToDo-aodeyrgkybjnkmaueabdbbyvncfx/Build/Intermediates.noindex/NotchToDo.build/Debug/NotchToDo.build/Objects-normal/arm64/NotchToDo.swiftmodule -validate-clang-modules-once -clang-build-session-file /Users/kealanjones/Library/Developer/Xcode/DerivedData/ModuleCache.noindex/Session.modulevalidation -Xcc -I/Users/kealanjones/Library/Developer/Xcode/DerivedData/NotchToDo-aodeyrgkybjnkmaueabdbbyvncfx/Build/Intermediates.noindex/NotchToDo.build/Debug/NotchToDo.build/swift-overrides.hmap -emit-const-values -Xfrontend -const-gather-protocols-file -Xfrontend /Users/kealanjones/Library/Developer/Xcode/DerivedData/NotchToDo-aodeyrgkybjnkmaueabdbbyvncfx/Build/Intermediates.noindex/NotchToDo.build/Debug/NotchToDo.build/Objects-normal/arm64/NotchToDo_const_extract_protocols.json -Xcc -iquote -Xcc /Users/kealanjones/Library/Developer/Xcode/DerivedData/NotchToDo-aodeyrgkybjnkmaueabdbbyvncfx/Build/Intermediates.noindex/NotchToDo.build/Debug/NotchToDo.build/NotchToDo-generated-files.hmap -Xcc -I/Users/kealanjones/Library/Developer/Xcode/DerivedData/NotchToDo-aodeyrgkybjnkmaueabdbbyvncfx/Build/Intermediates.noindex/NotchToDo.build/Debug/NotchToDo.build/NotchToDo-own-target-headers.hmap -Xcc -I/Users/kealanjones/Library/Developer/Xcode/DerivedData/NotchToDo-aodeyrgkybjnkmaueabdbbyvncfx/Build/Intermediates.noindex/NotchToDo.build/Debug/NotchToDo.build/NotchToDo-all-target-headers.hmap -Xcc -iquote -Xcc /Users/kealanjones/Library/Developer/Xcode/DerivedData/NotchToDo-aodeyrgkybjnkmaueabdbbyvncfx/Build/Intermediates.noindex/NotchToDo.build/Debug/NotchToDo.build/NotchToDo-project-headers.hmap -Xcc -I/Users/kealanjones/Library/Developer/Xcode/DerivedData/NotchToDo-aodeyrgkybjnkmaueabdbbyvncfx/Build/Products/Debug/include -Xcc -I/Users/kealanjones/Library/Developer/Xcode/DerivedData/NotchToDo-aodeyrgkybjnkmaueabdbbyvncfx/Build/Intermediates.noindex/NotchToDo.build/Debug/NotchToDo.build/DerivedSources-normal/arm64 -Xcc -I/Users/kealanjones/Library/Developer/Xcode/DerivedData/NotchToDo-aodeyrgkybjnkmaueabdbbyvncfx/Build/Intermediates.noindex/NotchToDo.build/Debug/NotchToDo.build/DerivedSources/arm64 -Xcc -I/Users/kealanjones/Library/Developer/Xcode/DerivedData/NotchToDo-aodeyrgkybjnkmaueabdbbyvncfx/Build/Intermediates.noindex/NotchToDo.build/Debug/NotchToDo.build/DerivedSources -Xcc -DDEBUG\=1 -emit-objc-header -emit-objc-header-path /Users/kealanjones/Library/Developer/Xcode/DerivedData/NotchToDo-aodeyrgkybjnkmaueabdbbyvncfx/Build/Intermediates.noindex/NotchToDo.build/Debug/NotchToDo.build/Objects-normal/arm64/NotchToDo-Swift.h -working-directory /Users/kealanjones/Desktop/Notch/NotchToDo -experimental-emit-module-separately -disable-cmo

SwiftCompile normal arm64 Compiling\ NotchOverlayController.swift /Users/kealanjones/Desktop/Notch/NotchToDo/NotchToDo/NotchOverlayController.swift (in target 'NotchToDo' from project 'NotchToDo')

SwiftCompile normal arm64 /Users/kealanjones/Desktop/Notch/NotchToDo/NotchToDo/NotchOverlayController.swift (in target 'NotchToDo' from project 'NotchToDo')
    cd /Users/kealanjones/Desktop/Notch/NotchToDo
    
/Users/kealanjones/Desktop/Notch/NotchToDo/NotchToDo/NotchOverlayController.swift:1759:51: warning: string interpolation produces a debug description for an optional value; did you mean to make this explicit?
        DebugLog.log("🎯 Notification object: \(notification.object)", category: .app)
/Users/kealanjones/Desktop/Notch/NotchToDo/NotchToDo/NotchOverlayController.swift:1759:64: note: use a default value parameter to avoid this warning
        DebugLog.log("🎯 Notification object: \(notification.object)", category: .app)
/Users/kealanjones/Desktop/Notch/NotchToDo/NotchToDo/NotchOverlayController.swift:1759:64: note: provide a default value to avoid this warning
        DebugLog.log("🎯 Notification object: \(notification.object)", category: .app)
/Users/kealanjones/Desktop/Notch/NotchToDo/NotchToDo/NotchOverlayController.swift:1759:64: note: use 'String(describing:)' to silence this warning
        DebugLog.log("🎯 Notification object: \(notification.object)", category: .app)
/Users/kealanjones/Desktop/Notch/NotchToDo/NotchToDo/NotchOverlayController.swift:1783:13: warning: initialization of immutable value 'notchInfo' was never used; consider replacing with assignment to '_' or removing it
        let notchInfo = getNotchInfo(for: screen)
        ~~~~^~~~~~~~~
        _
/Users/kealanjones/Desktop/Notch/NotchToDo/NotchToDo/NotchOverlayController.swift:1817:78: warning: comparing non-optional value of type 'NSWindow' to 'nil' always returns true
        DebugLog.log("🎯 showSemiCircle() called - window exists: \(window != nil)", category: .app)
/Users/kealanjones/Desktop/Notch/NotchToDo/NotchToDo/NotchOverlayController.swift:2673:13: warning: initialization of immutable value 'glowRect' was never used; consider replacing with assignment to '_' or removing it
        let glowRect = CGRect(x: x - glowSize/2, y: y - glowSize/2, width: glowSize, height: glowSize)
        ~~~~^~~~~~~~
        _

SwiftCompile normal arm64 Compiling\ TaskCardView.swift /Users/kealanjones/Desktop/Notch/NotchToDo/NotchToDo/Views/TaskCardView.swift (in target 'NotchToDo' from project 'NotchToDo')

SwiftCompile normal arm64 /Users/kealanjones/Desktop/Notch/NotchToDo/NotchToDo/Views/TaskCardView.swift (in target 'NotchToDo' from project 'NotchToDo')
    cd /Users/kealanjones/Desktop/Notch/NotchToDo
    
/Users/kealanjones/Desktop/Notch/NotchToDo/NotchToDo/Views/TaskCardView.swift:470:13: warning: initialization of immutable value 'glowRect' was never used; consider replacing with assignment to '_' or removing it
        let glowRect = cardRect.insetBy(dx: -glowSize, dy: -glowSize)
        ~~~~^~~~~~~~
        _

SwiftEmitModule normal arm64 Emitting\ module\ for\ NotchToDo (in target 'NotchToDo' from project 'NotchToDo')

EmitSwiftModule normal arm64 (in target 'NotchToDo' from project 'NotchToDo')
    cd /Users/kealanjones/Desktop/Notch/NotchToDo
    

SwiftDriverJobDiscovery normal arm64 Emitting module for NotchToDo (in target 'NotchToDo' from project 'NotchToDo')

SwiftDriver\ Compilation\ Requirements NotchToDo normal arm64 com.apple.xcode.tools.swift.compiler (in target 'NotchToDo' from project 'NotchToDo')
    cd /Users/kealanjones/Desktop/Notch/NotchToDo
    builtin-Swift-Compilation-Requirements -- /Applications/Xcode.app/Contents/Developer/Toolchains/XcodeDefault.xctoolchain/usr/bin/swiftc -module-name NotchToDo -Onone -enforce-exclusivity\=checked @/Users/kealanjones/Library/Developer/Xcode/DerivedData/NotchToDo-aodeyrgkybjnkmaueabdbbyvncfx/Build/Intermediates.noindex/NotchToDo.build/Debug/NotchToDo.build/Objects-normal/arm64/NotchToDo.SwiftFileList -DDEBUG -enable-bare-slash-regex -enable-experimental-feature DebugDescriptionMacro -sdk /Applications/Xcode.app/Contents/Developer/Platforms/MacOSX.platform/Developer/SDKs/MacOSX26.0.sdk -target arm64-apple-macos13.0 -g -module-cache-path /Users/kealanjones/Library/Developer/Xcode/DerivedData/ModuleCache.noindex -Xfrontend -serialize-debugging-options -enable-testing -index-store-path /Users/kealanjones/Library/Developer/Xcode/DerivedData/NotchToDo-aodeyrgkybjnkmaueabdbbyvncfx/Index.noindex/DataStore -Xcc -D_LIBCPP_HARDENING_MODE\=_LIBCPP_HARDENING_MODE_DEBUG -swift-version 5 -I /Users/kealanjones/Library/Developer/Xcode/DerivedData/NotchToDo-aodeyrgkybjnkmaueabdbbyvncfx/Build/Products/Debug -F /Users/kealanjones/Library/Developer/Xcode/DerivedData/NotchToDo-aodeyrgkybjnkmaueabdbbyvncfx/Build/Products/Debug -emit-localized-strings -emit-localized-strings-path /Users/kealanjones/Library/Developer/Xcode/DerivedData/NotchToDo-aodeyrgkybjnkmaueabdbbyvncfx/Build/Intermediates.noindex/NotchToDo.build/Debug/NotchToDo.build/Objects-normal/arm64 -c -j16 -enable-batch-mode -incremental -Xcc -ivfsstatcache -Xcc /Users/kealanjones/Library/Developer/Xcode/DerivedData/SDKStatCaches.noindex/macosx26.0-25A352-28806144b0707e398aac92880fa50324.sdkstatcache -output-file-map /Users/kealanjones/Library/Developer/Xcode/DerivedData/NotchToDo-aodeyrgkybjnkmaueabdbbyvncfx/Build/Intermediates.noindex/NotchToDo.build/Debug/NotchToDo.build/Objects-normal/arm64/NotchToDo-OutputFileMap.json -use-frontend-parseable-output -save-temps -no-color-diagnostics -explicit-module-build -module-cache-path /Users/kealanjones/Library/Developer/Xcode/DerivedData/NotchToDo-aodeyrgkybjnkmaueabdbbyvncfx/Build/Intermediates.noindex/SwiftExplicitPrecompiledModules -clang-scanner-module-cache-path /Users/kealanjones/Library/Developer/Xcode/DerivedData/ModuleCache.noindex -sdk-module-cache-path /Users/kealanjones/Library/Developer/Xcode/DerivedData/ModuleCache.noindex -serialize-diagnostics -emit-dependencies -emit-module -emit-module-path /Users/kealanjones/Library/Developer/Xcode/DerivedData/NotchToDo-aodeyrgkybjnkmaueabdbbyvncfx/Build/Intermediates.noindex/NotchToDo.build/Debug/NotchToDo.build/Objects-normal/arm64/NotchToDo.swiftmodule -validate-clang-modules-once -clang-build-session-file /Users/kealanjones/Library/Developer/Xcode/DerivedData/ModuleCache.noindex/Session.modulevalidation -Xcc -I/Users/kealanjones/Library/Developer/Xcode/DerivedData/NotchToDo-aodeyrgkybjnkmaueabdbbyvncfx/Build/Intermediates.noindex/NotchToDo.build/Debug/NotchToDo.build/swift-overrides.hmap -emit-const-values -Xfrontend -const-gather-protocols-file -Xfrontend /Users/kealanjones/Library/Developer/Xcode/DerivedData/NotchToDo-aodeyrgkybjnkmaueabdbbyvncfx/Build/Intermediates.noindex/NotchToDo.build/Debug/NotchToDo.build/Objects-normal/arm64/NotchToDo_const_extract_protocols.json -Xcc -iquote -Xcc /Users/kealanjones/Library/Developer/Xcode/DerivedData/NotchToDo-aodeyrgkybjnkmaueabdbbyvncfx/Build/Intermediates.noindex/NotchToDo.build/Debug/NotchToDo.build/NotchToDo-generated-files.hmap -Xcc -I/Users/kealanjones/Library/Developer/Xcode/DerivedData/NotchToDo-aodeyrgkybjnkmaueabdbbyvncfx/Build/Intermediates.noindex/NotchToDo.build/Debug/NotchToDo.build/NotchToDo-own-target-headers.hmap -Xcc -I/Users/kealanjones/Library/Developer/Xcode/DerivedData/NotchToDo-aodeyrgkybjnkmaueabdbbyvncfx/Build/Intermediates.noindex/NotchToDo.build/Debug/NotchToDo.build/NotchToDo-all-target-headers.hmap -Xcc -iquote -Xcc /Users/kealanjones/Library/Developer/Xcode/DerivedData/NotchToDo-aodeyrgkybjnkmaueabdbbyvncfx/Build/Intermediates.noindex/NotchToDo.build/Debug/NotchToDo.build/NotchToDo-project-headers.hmap -Xcc -I/Users/kealanjones/Library/Developer/Xcode/DerivedData/NotchToDo-aodeyrgkybjnkmaueabdbbyvncfx/Build/Products/Debug/include -Xcc -I/Users/kealanjones/Library/Developer/Xcode/DerivedData/NotchToDo-aodeyrgkybjnkmaueabdbbyvncfx/Build/Intermediates.noindex/NotchToDo.build/Debug/NotchToDo.build/DerivedSources-normal/arm64 -Xcc -I/Users/kealanjones/Library/Developer/Xcode/DerivedData/NotchToDo-aodeyrgkybjnkmaueabdbbyvncfx/Build/Intermediates.noindex/NotchToDo.build/Debug/NotchToDo.build/DerivedSources/arm64 -Xcc -I/Users/kealanjones/Library/Developer/Xcode/DerivedData/NotchToDo-aodeyrgkybjnkmaueabdbbyvncfx/Build/Intermediates.noindex/NotchToDo.build/Debug/NotchToDo.build/DerivedSources -Xcc -DDEBUG\=1 -emit-objc-header -emit-objc-header-path /Users/kealanjones/Library/Developer/Xcode/DerivedData/NotchToDo-aodeyrgkybjnkmaueabdbbyvncfx/Build/Intermediates.noindex/NotchToDo.build/Debug/NotchToDo.build/Objects-normal/arm64/NotchToDo-Swift.h -working-directory /Users/kealanjones/Desktop/Notch/NotchToDo -experimental-emit-module-separately -disable-cmo

Copy /Users/kealanjones/Library/Developer/Xcode/DerivedData/NotchToDo-aodeyrgkybjnkmaueabdbbyvncfx/Build/Products/Debug/NotchToDo.swiftmodule/Project/arm64-apple-macos.swiftsourceinfo /Users/kealanjones/Library/Developer/Xcode/DerivedData/NotchToDo-aodeyrgkybjnkmaueabdbbyvncfx/Build/Intermediates.noindex/NotchToDo.build/Debug/NotchToDo.build/Objects-normal/arm64/NotchToDo.swiftsourceinfo (in target 'NotchToDo' from project 'NotchToDo')
    cd /Users/kealanjones/Desktop/Notch/NotchToDo
    builtin-copy -exclude .DS_Store -exclude CVS -exclude .svn -exclude .git -exclude .hg -resolve-src-symlinks -rename /Users/kealanjones/Library/Developer/Xcode/DerivedData/NotchToDo-aodeyrgkybjnkmaueabdbbyvncfx/Build/Intermediates.noindex/NotchToDo.build/Debug/NotchToDo.build/Objects-normal/arm64/NotchToDo.swiftsourceinfo /Users/kealanjones/Library/Developer/Xcode/DerivedData/NotchToDo-aodeyrgkybjnkmaueabdbbyvncfx/Build/Products/Debug/NotchToDo.swiftmodule/Project/arm64-apple-macos.swiftsourceinfo

Copy /Users/kealanjones/Library/Developer/Xcode/DerivedData/NotchToDo-aodeyrgkybjnkmaueabdbbyvncfx/Build/Products/Debug/NotchToDo.swiftmodule/arm64-apple-macos.abi.json /Users/kealanjones/Library/Developer/Xcode/DerivedData/NotchToDo-aodeyrgkybjnkmaueabdbbyvncfx/Build/Intermediates.noindex/NotchToDo.build/Debug/NotchToDo.build/Objects-normal/arm64/NotchToDo.abi.json (in target 'NotchToDo' from project 'NotchToDo')
    cd /Users/kealanjones/Desktop/Notch/NotchToDo
    builtin-copy -exclude .DS_Store -exclude CVS -exclude .svn -exclude .git -exclude .hg -resolve-src-symlinks -rename /Users/kealanjones/Library/Developer/Xcode/DerivedData/NotchToDo-aodeyrgkybjnkmaueabdbbyvncfx/Build/Intermediates.noindex/NotchToDo.build/Debug/NotchToDo.build/Objects-normal/arm64/NotchToDo.abi.json /Users/kealanjones/Library/Developer/Xcode/DerivedData/NotchToDo-aodeyrgkybjnkmaueabdbbyvncfx/Build/Products/Debug/NotchToDo.swiftmodule/arm64-apple-macos.abi.json

SwiftDriverJobDiscovery normal arm64 Compiling TaskCardView.swift (in target 'NotchToDo' from project 'NotchToDo')

SwiftDriverJobDiscovery normal arm64 Compiling NotchOverlayController.swift (in target 'NotchToDo' from project 'NotchToDo')

SwiftCompile normal arm64 Compiling\ NotchToDoApp.swift /Users/kealanjones/Desktop/Notch/NotchToDo/NotchToDo/NotchToDoApp.swift (in target 'NotchToDo' from project 'NotchToDo')

SwiftCompile normal arm64 /Users/kealanjones/Desktop/Notch/NotchToDo/NotchToDo/NotchToDoApp.swift (in target 'NotchToDo' from project 'NotchToDo')
    cd /Users/kealanjones/Desktop/Notch/NotchToDo
    

SwiftCompile normal arm64 Compiling\ AppDelegate.swift /Users/kealanjones/Desktop/Notch/NotchToDo/NotchToDo/AppDelegate.swift (in target 'NotchToDo' from project 'NotchToDo')
SwiftCompile normal arm64 /Users/kealanjones/Desktop/Notch/NotchToDo/NotchToDo/AppDelegate.swift (in target 'NotchToDo' from project 'NotchToDo')
    cd /Users/kealanjones/Desktop/Notch/NotchToDo
    
/Users/kealanjones/Desktop/Notch/NotchToDo/NotchToDo/AppDelegate.swift:125:28: warning: 'popUpMenu' was deprecated in macOS 10.14: Use the menu property instead
                statusItem.popUpMenu(debugMenu)
                           ^

SwiftDriverJobDiscovery normal arm64 Compiling NotchToDoApp.swift (in target 'NotchToDo' from project 'NotchToDo')

SwiftDriverJobDiscovery normal arm64 Compiling AppDelegate.swift (in target 'NotchToDo' from project 'NotchToDo')

SwiftDriver\ Compilation NotchToDo normal arm64 com.apple.xcode.tools.swift.compiler (in target 'NotchToDo' from project 'NotchToDo')
    cd /Users/kealanjones/Desktop/Notch/NotchToDo
    builtin-Swift-Compilation -- /Applications/Xcode.app/Contents/Developer/Toolchains/XcodeDefault.xctoolchain/usr/bin/swiftc -module-name NotchToDo -Onone -enforce-exclusivity\=checked @/Users/kealanjones/Library/Developer/Xcode/DerivedData/NotchToDo-aodeyrgkybjnkmaueabdbbyvncfx/Build/Intermediates.noindex/NotchToDo.build/Debug/NotchToDo.build/Objects-normal/arm64/NotchToDo.SwiftFileList -DDEBUG -enable-bare-slash-regex -enable-experimental-feature DebugDescriptionMacro -sdk /Applications/Xcode.app/Contents/Developer/Platforms/MacOSX.platform/Developer/SDKs/MacOSX26.0.sdk -target arm64-apple-macos13.0 -g -module-cache-path /Users/kealanjones/Library/Developer/Xcode/DerivedData/ModuleCache.noindex -Xfrontend -serialize-debugging-options -enable-testing -index-store-path /Users/kealanjones/Library/Developer/Xcode/DerivedData/NotchToDo-aodeyrgkybjnkmaueabdbbyvncfx/Index.noindex/DataStore -Xcc -D_LIBCPP_HARDENING_MODE\=_LIBCPP_HARDENING_MODE_DEBUG -swift-version 5 -I /Users/kealanjones/Library/Developer/Xcode/DerivedData/NotchToDo-aodeyrgkybjnkmaueabdbbyvncfx/Build/Products/Debug -F /Users/kealanjones/Library/Developer/Xcode/DerivedData/NotchToDo-aodeyrgkybjnkmaueabdbbyvncfx/Build/Products/Debug -emit-localized-strings -emit-localized-strings-path /Users/kealanjones/Library/Developer/Xcode/DerivedData/NotchToDo-aodeyrgkybjnkmaueabdbbyvncfx/Build/Intermediates.noindex/NotchToDo.build/Debug/NotchToDo.build/Objects-normal/arm64 -c -j16 -enable-batch-mode -incremental -Xcc -ivfsstatcache -Xcc /Users/kealanjones/Library/Developer/Xcode/DerivedData/SDKStatCaches.noindex/macosx26.0-25A352-28806144b0707e398aac92880fa50324.sdkstatcache -output-file-map /Users/kealanjones/Library/Developer/Xcode/DerivedData/NotchToDo-aodeyrgkybjnkmaueabdbbyvncfx/Build/Intermediates.noindex/NotchToDo.build/Debug/NotchToDo.build/Objects-normal/arm64/NotchToDo-OutputFileMap.json -use-frontend-parseable-output -save-temps -no-color-diagnostics -explicit-module-build -module-cache-path /Users/kealanjones/Library/Developer/Xcode/DerivedData/NotchToDo-aodeyrgkybjnkmaueabdbbyvncfx/Build/Intermediates.noindex/SwiftExplicitPrecompiledModules -clang-scanner-module-cache-path /Users/kealanjones/Library/Developer/Xcode/DerivedData/ModuleCache.noindex -sdk-module-cache-path /Users/kealanjones/Library/Developer/Xcode/DerivedData/ModuleCache.noindex -serialize-diagnostics -emit-dependencies -emit-module -emit-module-path /Users/kealanjones/Library/Developer/Xcode/DerivedData/NotchToDo-aodeyrgkybjnkmaueabdbbyvncfx/Build/Intermediates.noindex/NotchToDo.build/Debug/NotchToDo.build/Objects-normal/arm64/NotchToDo.swiftmodule -validate-clang-modules-once -clang-build-session-file /Users/kealanjones/Library/Developer/Xcode/DerivedData/ModuleCache.noindex/Session.modulevalidation -Xcc -I/Users/kealanjones/Library/Developer/Xcode/DerivedData/NotchToDo-aodeyrgkybjnkmaueabdbbyvncfx/Build/Intermediates.noindex/NotchToDo.build/Debug/NotchToDo.build/swift-overrides.hmap -emit-const-values -Xfrontend -const-gather-protocols-file -Xfrontend /Users/kealanjones/Library/Developer/Xcode/DerivedData/NotchToDo-aodeyrgkybjnkmaueabdbbyvncfx/Build/Intermediates.noindex/NotchToDo.build/Debug/NotchToDo.build/Objects-normal/arm64/NotchToDo_const_extract_protocols.json -Xcc -iquote -Xcc /Users/kealanjones/Library/Developer/Xcode/DerivedData/NotchToDo-aodeyrgkybjnkmaueabdbbyvncfx/Build/Intermediates.noindex/NotchToDo.build/Debug/NotchToDo.build/NotchToDo-generated-files.hmap -Xcc -I/Users/kealanjones/Library/Developer/Xcode/DerivedData/NotchToDo-aodeyrgkybjnkmaueabdbbyvncfx/Build/Intermediates.noindex/NotchToDo.build/Debug/NotchToDo.build/NotchToDo-own-target-headers.hmap -Xcc -I/Users/kealanjones/Library/Developer/Xcode/DerivedData/NotchToDo-aodeyrgkybjnkmaueabdbbyvncfx/Build/Intermediates.noindex/NotchToDo.build/Debug/NotchToDo.build/NotchToDo-all-target-headers.hmap -Xcc -iquote -Xcc /Users/kealanjones/Library/Developer/Xcode/DerivedData/NotchToDo-aodeyrgkybjnkmaueabdbbyvncfx/Build/Intermediates.noindex/NotchToDo.build/Debug/NotchToDo.build/NotchToDo-project-headers.hmap -Xcc -I/Users/kealanjones/Library/Developer/Xcode/DerivedData/NotchToDo-aodeyrgkybjnkmaueabdbbyvncfx/Build/Products/Debug/include -Xcc -I/Users/kealanjones/Library/Developer/Xcode/DerivedData/NotchToDo-aodeyrgkybjnkmaueabdbbyvncfx/Build/Intermediates.noindex/NotchToDo.build/Debug/NotchToDo.build/DerivedSources-normal/arm64 -Xcc -I/Users/kealanjones/Library/Developer/Xcode/DerivedData/NotchToDo-aodeyrgkybjnkmaueabdbbyvncfx/Build/Intermediates.noindex/NotchToDo.build/Debug/NotchToDo.build/DerivedSources/arm64 -Xcc -I/Users/kealanjones/Library/Developer/Xcode/DerivedData/NotchToDo-aodeyrgkybjnkmaueabdbbyvncfx/Build/Intermediates.noindex/NotchToDo.build/Debug/NotchToDo.build/DerivedSources -Xcc -DDEBUG\=1 -emit-objc-header -emit-objc-header-path /Users/kealanjones/Library/Developer/Xcode/DerivedData/NotchToDo-aodeyrgkybjnkmaueabdbbyvncfx/Build/Intermediates.noindex/NotchToDo.build/Debug/NotchToDo.build/Objects-normal/arm64/NotchToDo-Swift.h -working-directory /Users/kealanjones/Desktop/Notch/NotchToDo -experimental-emit-module-separately -disable-cmo

Ld /Users/kealanjones/Library/Developer/Xcode/DerivedData/NotchToDo-aodeyrgkybjnkmaueabdbbyvncfx/Build/Products/Debug/NotchToDo.app/Contents/MacOS/NotchToDo.debug.dylib normal (in target 'NotchToDo' from project 'NotchToDo')
    cd /Users/kealanjones/Desktop/Notch/NotchToDo
    /Applications/Xcode.app/Contents/Developer/Toolchains/XcodeDefault.xctoolchain/usr/bin/clang -Xlinker -reproducible -target arm64-apple-macos13.0 -dynamiclib -isysroot /Applications/Xcode.app/Contents/Developer/Platforms/MacOSX.platform/Developer/SDKs/MacOSX26.0.sdk -O0 -L/Users/kealanjones/Library/Developer/Xcode/DerivedData/NotchToDo-aodeyrgkybjnkmaueabdbbyvncfx/Build/Intermediates.noindex/EagerLinkingTBDs/Debug -L/Users/kealanjones/Library/Developer/Xcode/DerivedData/NotchToDo-aodeyrgkybjnkmaueabdbbyvncfx/Build/Products/Debug -F/Users/kealanjones/Library/Developer/Xcode/DerivedData/NotchToDo-aodeyrgkybjnkmaueabdbbyvncfx/Build/Intermediates.noindex/EagerLinkingTBDs/Debug -F/Users/kealanjones/Library/Developer/Xcode/DerivedData/NotchToDo-aodeyrgkybjnkmaueabdbbyvncfx/Build/Products/Debug -filelist /Users/kealanjones/Library/Developer/Xcode/DerivedData/NotchToDo-aodeyrgkybjnkmaueabdbbyvncfx/Build/Intermediates.noindex/NotchToDo.build/Debug/NotchToDo.build/Objects-normal/arm64/NotchToDo.LinkFileList -install_name @rpath/NotchToDo.debug.dylib -Xlinker -rpath -Xlinker /usr/lib/swift -Xlinker -rpath -Xlinker @executable_path/../Frameworks -dead_strip -Xlinker -object_path_lto -Xlinker /Users/kealanjones/Library/Developer/Xcode/DerivedData/NotchToDo-aodeyrgkybjnkmaueabdbbyvncfx/Build/Intermediates.noindex/NotchToDo.build/Debug/NotchToDo.build/Objects-normal/arm64/NotchToDo_lto.o -rdynamic -Xlinker -no_deduplicate -Xlinker -dependency_info -Xlinker /Users/kealanjones/Library/Developer/Xcode/DerivedData/NotchToDo-aodeyrgkybjnkmaueabdbbyvncfx/Build/Intermediates.noindex/NotchToDo.build/Debug/NotchToDo.build/Objects-normal/arm64/NotchToDo_dependency_info.dat -fobjc-link-runtime -L/Applications/Xcode.app/Contents/Developer/Toolchains/XcodeDefault.xctoolchain/usr/lib/swift/macosx -L/usr/lib/swift -Xlinker -add_ast_path -Xlinker /Users/kealanjones/Library/Developer/Xcode/DerivedData/NotchToDo-aodeyrgkybjnkmaueabdbbyvncfx/Build/Intermediates.noindex/NotchToDo.build/Debug/NotchToDo.build/Objects-normal/arm64/NotchToDo.swiftmodule @/Users/kealanjones/Library/Developer/Xcode/DerivedData/NotchToDo-aodeyrgkybjnkmaueabdbbyvncfx/Build/Intermediates.noindex/NotchToDo.build/Debug/NotchToDo.build/Objects-normal/arm64/NotchToDo-linker-args.resp -Xlinker -alias -Xlinker _main -Xlinker ___debug_main_executable_dylib_entry_point -Xlinker -no_adhoc_codesign -o /Users/kealanjones/Library/Developer/Xcode/DerivedData/NotchToDo-aodeyrgkybjnkmaueabdbbyvncfx/Build/Products/Debug/NotchToDo.app/Contents/MacOS/NotchToDo.debug.dylib

ConstructStubExecutorLinkFileList /Users/kealanjones/Library/Developer/Xcode/DerivedData/NotchToDo-aodeyrgkybjnkmaueabdbbyvncfx/Build/Intermediates.noindex/NotchToDo.build/Debug/NotchToDo.build/NotchToDo-ExecutorLinkFileList-normal-arm64.txt (in target 'NotchToDo' from project 'NotchToDo')
    cd /Users/kealanjones/Desktop/Notch/NotchToDo
    construct-stub-executor-link-file-list /Users/kealanjones/Library/Developer/Xcode/DerivedData/NotchToDo-aodeyrgkybjnkmaueabdbbyvncfx/Build/Products/Debug/NotchToDo.app/Contents/MacOS/NotchToDo.debug.dylib /Applications/Xcode.app/Contents/Developer/Platforms/MacOSX.platform/Developer/usr/lib/libPreviewsJITStubExecutor_no_swift_entry_point.a /Applications/Xcode.app/Contents/Developer/Platforms/MacOSX.platform/Developer/usr/lib/libPreviewsJITStubExecutor.a --output /Users/kealanjones/Library/Developer/Xcode/DerivedData/NotchToDo-aodeyrgkybjnkmaueabdbbyvncfx/Build/Intermediates.noindex/NotchToDo.build/Debug/NotchToDo.build/NotchToDo-ExecutorLinkFileList-normal-arm64.txt
note: Using stub executor library with Swift entry point. (in target 'NotchToDo' from project 'NotchToDo')

Ld /Users/kealanjones/Library/Developer/Xcode/DerivedData/NotchToDo-aodeyrgkybjnkmaueabdbbyvncfx/Build/Products/Debug/NotchToDo.app/Contents/MacOS/NotchToDo normal (in target 'NotchToDo' from project 'NotchToDo')
    cd /Users/kealanjones/Desktop/Notch/NotchToDo
    /Applications/Xcode.app/Contents/Developer/Toolchains/XcodeDefault.xctoolchain/usr/bin/clang -Xlinker -reproducible -target arm64-apple-macos13.0 -isysroot /Applications/Xcode.app/Contents/Developer/Platforms/MacOSX.platform/Developer/SDKs/MacOSX26.0.sdk -O0 -L/Users/kealanjones/Library/Developer/Xcode/DerivedData/NotchToDo-aodeyrgkybjnkmaueabdbbyvncfx/Build/Products/Debug -F/Users/kealanjones/Library/Developer/Xcode/DerivedData/NotchToDo-aodeyrgkybjnkmaueabdbbyvncfx/Build/Products/Debug -Xlinker -rpath -Xlinker @executable_path -Xlinker -rpath -Xlinker @executable_path/../Frameworks -rdynamic -Xlinker -no_deduplicate -e ___debug_blank_executor_main -Xlinker -sectcreate -Xlinker __TEXT -Xlinker __debug_dylib -Xlinker /Users/kealanjones/Library/Developer/Xcode/DerivedData/NotchToDo-aodeyrgkybjnkmaueabdbbyvncfx/Build/Intermediates.noindex/NotchToDo.build/Debug/NotchToDo.build/NotchToDo-DebugDylibPath-normal-arm64.txt -Xlinker -sectcreate -Xlinker __TEXT -Xlinker __debug_instlnm -Xlinker /Users/kealanjones/Library/Developer/Xcode/DerivedData/NotchToDo-aodeyrgkybjnkmaueabdbbyvncfx/Build/Intermediates.noindex/NotchToDo.build/Debug/NotchToDo.build/NotchToDo-DebugDylibInstallName-normal-arm64.txt -Xlinker -filelist -Xlinker /Users/kealanjones/Library/Developer/Xcode/DerivedData/NotchToDo-aodeyrgkybjnkmaueabdbbyvncfx/Build/Intermediates.noindex/NotchToDo.build/Debug/NotchToDo.build/NotchToDo-ExecutorLinkFileList-normal-arm64.txt /Users/kealanjones/Library/Developer/Xcode/DerivedData/NotchToDo-aodeyrgkybjnkmaueabdbbyvncfx/Build/Products/Debug/NotchToDo.app/Contents/MacOS/NotchToDo.debug.dylib -Xlinker -no_adhoc_codesign -o /Users/kealanjones/Library/Developer/Xcode/DerivedData/NotchToDo-aodeyrgkybjnkmaueabdbbyvncfx/Build/Products/Debug/NotchToDo.app/Contents/MacOS/NotchToDo

CopySwiftLibs /Users/kealanjones/Library/Developer/Xcode/DerivedData/NotchToDo-aodeyrgkybjnkmaueabdbbyvncfx/Build/Products/Debug/NotchToDo.app (in target 'NotchToDo' from project 'NotchToDo')
    cd /Users/kealanjones/Desktop/Notch/NotchToDo
    builtin-swiftStdLibTool --copy --verbose --sign - --scan-executable /Users/kealanjones/Library/Developer/Xcode/DerivedData/NotchToDo-aodeyrgkybjnkmaueabdbbyvncfx/Build/Products/Debug/NotchToDo.app/Contents/MacOS/NotchToDo.debug.dylib --scan-folder /Users/kealanjones/Library/Developer/Xcode/DerivedData/NotchToDo-aodeyrgkybjnkmaueabdbbyvncfx/Build/Products/Debug/NotchToDo.app/Contents/Frameworks --scan-folder /Users/kealanjones/Library/Developer/Xcode/DerivedData/NotchToDo-aodeyrgkybjnkmaueabdbbyvncfx/Build/Products/Debug/NotchToDo.app/Contents/PlugIns --scan-folder /Users/kealanjones/Library/Developer/Xcode/DerivedData/NotchToDo-aodeyrgkybjnkmaueabdbbyvncfx/Build/Products/Debug/NotchToDo.app/Contents/Library/SystemExtensions --scan-folder /Users/kealanjones/Library/Developer/Xcode/DerivedData/NotchToDo-aodeyrgkybjnkmaueabdbbyvncfx/Build/Products/Debug/NotchToDo.app/Contents/Extensions --platform macosx --toolchain /Applications/Xcode.app/Contents/Developer/Toolchains/XcodeDefault.xctoolchain --destination /Users/kealanjones/Library/Developer/Xcode/DerivedData/NotchToDo-aodeyrgkybjnkmaueabdbbyvncfx/Build/Products/Debug/NotchToDo.app/Contents/Frameworks --strip-bitcode --strip-bitcode-tool /Applications/Xcode.app/Contents/Developer/Toolchains/XcodeDefault.xctoolchain/usr/bin/bitcode_strip --emit-dependency-info /Users/kealanjones/Library/Developer/Xcode/DerivedData/NotchToDo-aodeyrgkybjnkmaueabdbbyvncfx/Build/Intermediates.noindex/NotchToDo.build/Debug/NotchToDo.build/SwiftStdLibToolInputDependencies.dep --filter-for-swift-os --back-deploy-swift-span

ExtractAppIntentsMetadata (in target 'NotchToDo' from project 'NotchToDo')
    cd /Users/kealanjones/Desktop/Notch/NotchToDo
    /Applications/Xcode.app/Contents/Developer/Toolchains/XcodeDefault.xctoolchain/usr/bin/appintentsmetadataprocessor --toolchain-dir /Applications/Xcode.app/Contents/Developer/Toolchains/XcodeDefault.xctoolchain --module-name NotchToDo --sdk-root /Applications/Xcode.app/Contents/Developer/Platforms/MacOSX.platform/Developer/SDKs/MacOSX26.0.sdk --xcode-version 17A400 --platform-family macOS --deployment-target 13.0 --bundle-identifier com.notchtodo.app --output /Users/kealanjones/Library/Developer/Xcode/DerivedData/NotchToDo-aodeyrgkybjnkmaueabdbbyvncfx/Build/Products/Debug/NotchToDo.app/Contents/Resources --target-triple arm64-apple-macos13.0 --binary-file /Users/kealanjones/Library/Developer/Xcode/DerivedData/NotchToDo-aodeyrgkybjnkmaueabdbbyvncfx/Build/Products/Debug/NotchToDo.app/Contents/MacOS/NotchToDo --dependency-file /Users/kealanjones/Library/Developer/Xcode/DerivedData/NotchToDo-aodeyrgkybjnkmaueabdbbyvncfx/Build/Intermediates.noindex/NotchToDo.build/Debug/NotchToDo.build/Objects-normal/arm64/NotchToDo_dependency_info.dat --stringsdata-file /Users/kealanjones/Library/Developer/Xcode/DerivedData/NotchToDo-aodeyrgkybjnkmaueabdbbyvncfx/Build/Intermediates.noindex/NotchToDo.build/Debug/NotchToDo.build/Objects-normal/arm64/ExtractedAppShortcutsMetadata.stringsdata --source-file-list /Users/kealanjones/Library/Developer/Xcode/DerivedData/NotchToDo-aodeyrgkybjnkmaueabdbbyvncfx/Build/Intermediates.noindex/NotchToDo.build/Debug/NotchToDo.build/Objects-normal/arm64/NotchToDo.SwiftFileList --metadata-file-list /Users/kealanjones/Library/Developer/Xcode/DerivedData/NotchToDo-aodeyrgkybjnkmaueabdbbyvncfx/Build/Intermediates.noindex/NotchToDo.build/Debug/NotchToDo.build/NotchToDo.DependencyMetadataFileList --static-metadata-file-list /Users/kealanjones/Library/Developer/Xcode/DerivedData/NotchToDo-aodeyrgkybjnkmaueabdbbyvncfx/Build/Intermediates.noindex/NotchToDo.build/Debug/NotchToDo.build/NotchToDo.DependencyStaticMetadataFileList --swift-const-vals-list /Users/kealanjones/Library/Developer/Xcode/DerivedData/NotchToDo-aodeyrgkybjnkmaueabdbbyvncfx/Build/Intermediates.noindex/NotchToDo.build/Debug/NotchToDo.build/Objects-normal/arm64/NotchToDo.SwiftConstValuesFileList --compile-time-extraction --deployment-aware-processing --validate-assistant-intents --no-app-shortcuts-localization
2025-10-19 01:06:59.890 appintentsmetadataprocessor[42518:1940172] Starting appintentsmetadataprocessor export
2025-10-19 01:06:59.891 appintentsmetadataprocessor[42518:1940172] warning: Metadata extraction skipped. No AppIntents.framework dependency found.

CodeSign /Users/kealanjones/Library/Developer/Xcode/DerivedData/NotchToDo-aodeyrgkybjnkmaueabdbbyvncfx/Build/Products/Debug/NotchToDo.app/Contents/MacOS/NotchToDo.debug.dylib (in target 'NotchToDo' from project 'NotchToDo')
    cd /Users/kealanjones/Desktop/Notch/NotchToDo
    
    Signing Identity:     "Sign to Run Locally"
    
    /usr/bin/codesign --force --sign - --timestamp\=none --generate-entitlement-der /Users/kealanjones/Library/Developer/Xcode/DerivedData/NotchToDo-aodeyrgkybjnkmaueabdbbyvncfx/Build/Products/Debug/NotchToDo.app/Contents/MacOS/NotchToDo.debug.dylib

CodeSign /Users/kealanjones/Library/Developer/Xcode/DerivedData/NotchToDo-aodeyrgkybjnkmaueabdbbyvncfx/Build/Products/Debug/NotchToDo.app/Contents/MacOS/__preview.dylib (in target 'NotchToDo' from project 'NotchToDo')
    cd /Users/kealanjones/Desktop/Notch/NotchToDo
    
    Signing Identity:     "Sign to Run Locally"
    
    /usr/bin/codesign --force --sign - --timestamp\=none --generate-entitlement-der /Users/kealanjones/Library/Developer/Xcode/DerivedData/NotchToDo-aodeyrgkybjnkmaueabdbbyvncfx/Build/Products/Debug/NotchToDo.app/Contents/MacOS/__preview.dylib
/Users/kealanjones/Library/Developer/Xcode/DerivedData/NotchToDo-aodeyrgkybjnkmaueabdbbyvncfx/Build/Products/Debug/NotchToDo.app/Contents/MacOS/__preview.dylib: replacing existing signature

CodeSign /Users/kealanjones/Library/Developer/Xcode/DerivedData/NotchToDo-aodeyrgkybjnkmaueabdbbyvncfx/Build/Products/Debug/NotchToDo.app (in target 'NotchToDo' from project 'NotchToDo')
    cd /Users/kealanjones/Desktop/Notch/NotchToDo
    
    Signing Identity:     "Sign to Run Locally"
    
    /usr/bin/codesign --force --sign - --entitlements /Users/kealanjones/Library/Developer/Xcode/DerivedData/NotchToDo-aodeyrgkybjnkmaueabdbbyvncfx/Build/Intermediates.noindex/NotchToDo.build/Debug/NotchToDo.build/NotchToDo.app.xcent --timestamp\=none --generate-entitlement-der /Users/kealanjones/Library/Developer/Xcode/DerivedData/NotchToDo-aodeyrgkybjnkmaueabdbbyvncfx/Build/Products/Debug/NotchToDo.app

Validate /Users/kealanjones/Library/Developer/Xcode/DerivedData/NotchToDo-aodeyrgkybjnkmaueabdbbyvncfx/Build/Products/Debug/NotchToDo.app (in target 'NotchToDo' from project 'NotchToDo')
    cd /Users/kealanjones/Desktop/Notch/NotchToDo
    builtin-validationUtility /Users/kealanjones/Library/Developer/Xcode/DerivedData/NotchToDo-aodeyrgkybjnkmaueabdbbyvncfx/Build/Products/Debug/NotchToDo.app -no-validate-extension -infoplist-subpath Contents/Info.plist

RegisterWithLaunchServices /Users/kealanjones/Library/Developer/Xcode/DerivedData/NotchToDo-aodeyrgkybjnkmaueabdbbyvncfx/Build/Products/Debug/NotchToDo.app (in target 'NotchToDo' from project 'NotchToDo')
    cd /Users/kealanjones/Desktop/Notch/NotchToDo
    /System/Library/Frameworks/CoreServices.framework/Versions/Current/Frameworks/LaunchServices.framework/Versions/Current/Support/lsregister -f -R -trusted /Users/kealanjones/Library/Developer/Xcode/DerivedData/NotchToDo-aodeyrgkybjnkmaueabdbbyvncfx/Build/Products/Debug/NotchToDo.app

** BUILD SUCCEEDED **

