2025-10-19 00:55:02.355 xcodebuild[40870:1922484]  DVTFilePathFSEvents: Failed to start fs event stream.
2025-10-19 00:55:02.468 xcodebuild[40870:1922479] [MT] DVTDeveloperPaths: Failed to get length of DARWIN_USER_CACHE_DIR from confstr(3), error = Error Domain=NSPOSIXErrorDomain Code=5 "Input/output error". Using NSCachesDirectory instead.
2025-10-19 00:55:02.678 xcodebuild[40870:1922485] CoreSimulatorService connection became invalid.  Simulator services will no longer be available.
2025-10-19 00:55:02.678 xcodebuild[40870:1922485] Logging connecton invalid: <OS_xpc_error: <dictionary: 0x20773fc30> { count = 1, transaction: 0, voucher = 0x0, contents =
	"XPCErrorDescription" => <string: 0x20773fd78> { string cache = 0x0, length = 18, contents = "Connection invalid" }
}>
[-[SimServiceContext sendRequest:]:1743] ERROR : Unable to deliver request ({
    "developer_dir" = "/Applications/Xcode.app/Contents/Developer";
    request = "set_developer_dir";
}) because we are not connected to CoreSimulatorService.
Command line invocation:
    /Applications/Xcode.app/Contents/Developer/usr/bin/xcodebuild -scheme NotchToDo -configuration Debug build

2025-10-19 00:55:02.708 xcodebuild[40870:1922479] [MT] DVTAssertions: Warning in DVTFrameworks/DVTFoundation/FileTypes/DVTFileDataTypeDetection.m:79
Details:  detectedTypeIdentifier (com.apple.xml-property-list) does not conform to matchedTypeIdentifier in MagicFileDataTypeDetector extenson com.apple.property-list. When both are specified, this conformance is required unless overridden by setting allowNonInheritance. extension.identifier:Xcode.MagicFileDataTypeDetector.XMLPlist
Object:   <DVTFileDataTypeDetectionMagicCache: 0xb7b07f360>
Method:   -initWithExtension:
Thread:   <_NSMainThread: 0x1053f92d0>{number = 1, name = main}
Please file a bug at https://feedbackassistant.apple.com with this warning message and any useful information you can provide.
2025-10-19 00:55:02.710 xcodebuild[40870:1922479] [MT] DVTAssertions: Warning in DVTFrameworks/DVTFoundation/FileTypes/DVTFileDataTypeDetection.m:79
Details:  detectedTypeIdentifier (com.apple.binary-property-list) does not conform to matchedTypeIdentifier in MagicFileDataTypeDetector extenson com.apple.property-list. When both are specified, this conformance is required unless overridden by setting allowNonInheritance. extension.identifier:Xcode.MagicFileDataTypeDetector.BinaryPlist
Object:   <DVTFileDataTypeDetectionMagicCache: 0xb7b1b19e0>
Method:   -initWithExtension:
Thread:   <_NSMainThread: 0x1053f92d0>{number = 1, name = main}
Please file a bug at https://feedbackassistant.apple.com with this warning message and any useful information you can provide.
[-[SimServiceContext initWithDeveloperDir:connectionType:error:]:450] WARN  : Unable to discover any Simulator runtimes. Developer Directory is /Applications/Xcode.app/Contents/Developer.
[-[SimDiskImageManager init]:175] ERROR : Could not kickstart simdiskimaged; SimDiskImageManager services will not be available: Error Domain=NSPOSIXErrorDomain Code=53 "Software caused connection abort" UserInfo={NSLocalizedDescription=Error returned in reply from CoreSimulatorService: Connection invalid}
[-[SimDiskImageManager _onQueue_checkConnection:]:239] ERROR : simdiskimaged returned error (invalid), marking disconnected.
[-[SimDiskImageManager _onQueue_checkConnection:]:239] ERROR : simdiskimaged returned error (invalid), marking disconnected.
[-[SimServiceContext initWithDeveloperDir:connectionType:error:]_block_invoke:486] ERROR : Could not get list of trusted mount directories: Error Domain=com.apple.CoreSimulator.SimError Code=410 "The service used to manage runtime disk images (simdiskimaged) crashed or is not responding" UserInfo={NSLocalizedDescription=The service used to manage runtime disk images (simdiskimaged) crashed or is not responding}
[-[SimServiceContext sendRequest:reply:error:]:1763] ERROR : Unable to deliver request ({
    request = "notification_subscription";
    "set_path" = "/Users/kealanjones/Library/Developer/CoreSimulator/Devices";
}) because we are not connected to CoreSimulatorService.
2025-10-19 00:55:02.717 xcodebuild[40870:1922484] Error Domain=NSPOSIXErrorDomain Code=61 "Connection refused" UserInfo={NSLocalizedDescription=CoreSimulatorService connection became invalid.  Simulator services will no longer be available.}
[-[SimServiceContext sendRequest:reply:error:]:1763] ERROR : Unable to deliver request ({
    request = "notification_subscription";
    "set_path" = "/Users/kealanjones/Library/Developer/CoreSimulator/Devices";
}) because we are not connected to CoreSimulatorService.
2025-10-19 00:55:02.718 xcodebuild[40870:1922484]  IDESimulatorAvailability: startObservingSimulatorUpdates() FAILED to register SimDeviceSet observer
2025-10-19 00:55:02.718 xcodebuild[40870:1922529] Error Domain=NSPOSIXErrorDomain Code=61 "Connection refused" UserInfo={NSLocalizedDescription=CoreSimulatorService connection became invalid.  Simulator services will no longer be available.}
2025-10-19 00:55:02.718 xcodebuild[40870:1922529]  iOSSimulator: [SimServiceContext defaultDeviceSetWithError:] returned nil (Error Domain=NSPOSIXErrorDomain Code=61 "Connection refused" UserInfo={NSLocalizedFailureReason=Failed to subscribe to notifications from CoreSimulatorService., NSLocalizedDescription=Failed to initialize simulator device set., NSUnderlyingError=0xb7b1a8e70 {Error Domain=NSPOSIXErrorDomain Code=61 "Connection refused" UserInfo={NSLocalizedDescription=CoreSimulatorService connection became invalid.  Simulator services will no longer be available.}}}). Simulator device support disabled.
--- xcodebuild: WARNING: Using the first of multiple matching destinations:
{ platform:macOS, arch:arm64, id:00006041-0018202C3460801C, name:My Mac }
{ platform:macOS, arch:x86_64, id:00006041-0018202C3460801C, name:My Mac }
{ platform:macOS, name:Any Mac }
ComputePackagePrebuildTargetDependencyGraph

Prepare packages

CreateBuildRequest

SendProjectDescription

CreateBuildOperation

ComputeTargetDependencyGraph
note: Building targets in dependency order
note: Target dependency graph (1 target)
    Target 'NotchToDo' in project 'NotchToDo' (no dependencies)

GatherProvisioningInputs

CreateBuildDescription

ClangStatCache /Applications/Xcode.app/Contents/Developer/Toolchains/XcodeDefault.xctoolchain/usr/bin/clang-stat-cache /Applications/Xcode.app/Contents/Developer/Platforms/MacOSX.platform/Developer/SDKs/MacOSX26.0.sdk /Users/kealanjones/Library/Developer/Xcode/DerivedData/SDKStatCaches.noindex/macosx26.0-25A352-28806144b0707e398aac92880fa50324.sdkstatcache
    cd /Users/kealanjones/Desktop/Notch/NotchToDo/NotchToDo.xcodeproj
    /Applications/Xcode.app/Contents/Developer/Toolchains/XcodeDefault.xctoolchain/usr/bin/clang-stat-cache /Applications/Xcode.app/Contents/Developer/Platforms/MacOSX.platform/Developer/SDKs/MacOSX26.0.sdk -o /Users/kealanjones/Library/Developer/Xcode/DerivedData/SDKStatCaches.noindex/macosx26.0-25A352-28806144b0707e398aac92880fa50324.sdkstatcache
Failed to create FS event stream. Considering the cache up-to-date.

note: Disabling hardened runtime with ad-hoc codesigning. (in target 'NotchToDo' from project 'NotchToDo')
SwiftDriver NotchToDo normal arm64 com.apple.xcode.tools.swift.compiler (in target 'NotchToDo' from project 'NotchToDo')
    cd /Users/kealanjones/Desktop/Notch/NotchToDo
    builtin-SwiftDriver -- /Applications/Xcode.app/Contents/Developer/Toolchains/XcodeDefault.xctoolchain/usr/bin/swiftc -module-name NotchToDo -Onone -enforce-exclusivity\=checked @/Users/kealanjones/Library/Developer/Xcode/DerivedData/NotchToDo-aodeyrgkybjnkmaueabdbbyvncfx/Build/Intermediates.noindex/NotchToDo.build/Debug/NotchToDo.build/Objects-normal/arm64/NotchToDo.SwiftFileList -DDEBUG -enable-bare-slash-regex -enable-experimental-feature DebugDescriptionMacro -sdk /Applications/Xcode.app/Contents/Developer/Platforms/MacOSX.platform/Developer/SDKs/MacOSX26.0.sdk -target arm64-apple-macos13.0 -g -module-cache-path /Users/kealanjones/Library/Developer/Xcode/DerivedData/ModuleCache.noindex -Xfrontend -serialize-debugging-options -enable-testing -index-store-path /Users/kealanjones/Library/Developer/Xcode/DerivedData/NotchToDo-aodeyrgkybjnkmaueabdbbyvncfx/Index.noindex/DataStore -Xcc -D_LIBCPP_HARDENING_MODE\=_LIBCPP_HARDENING_MODE_DEBUG -swift-version 5 -I /Users/kealanjones/Library/Developer/Xcode/DerivedData/NotchToDo-aodeyrgkybjnkmaueabdbbyvncfx/Build/Products/Debug -F /Users/kealanjones/Library/Developer/Xcode/DerivedData/NotchToDo-aodeyrgkybjnkmaueabdbbyvncfx/Build/Products/Debug -emit-localized-strings -emit-localized-strings-path /Users/kealanjones/Library/Developer/Xcode/DerivedData/NotchToDo-aodeyrgkybjnkmaueabdbbyvncfx/Build/Intermediates.noindex/NotchToDo.build/Debug/NotchToDo.build/Objects-normal/arm64 -c -j16 -enable-batch-mode -incremental -Xcc -ivfsstatcache -Xcc /Users/kealanjones/Library/Developer/Xcode/DerivedData/SDKStatCaches.noindex/macosx26.0-25A352-28806144b0707e398aac92880fa50324.sdkstatcache -output-file-map /Users/kealanjones/Library/Developer/Xcode/DerivedData/NotchToDo-aodeyrgkybjnkmaueabdbbyvncfx/Build/Intermediates.noindex/NotchToDo.build/Debug/NotchToDo.build/Objects-normal/arm64/NotchToDo-OutputFileMap.json -use-frontend-parseable-output -save-temps -no-color-diagnostics -explicit-module-build -module-cache-path /Users/kealanjones/Library/Developer/Xcode/DerivedData/NotchToDo-aodeyrgkybjnkmaueabdbbyvncfx/Build/Intermediates.noindex/SwiftExplicitPrecompiledModules -clang-scanner-module-cache-path /Users/kealanjones/Library/Developer/Xcode/DerivedData/ModuleCache.noindex -sdk-module-cache-path /Users/kealanjones/Library/Developer/Xcode/DerivedData/ModuleCache.noindex -serialize-diagnostics -emit-dependencies -emit-module -emit-module-path /Users/kealanjones/Library/Developer/Xcode/DerivedData/NotchToDo-aodeyrgkybjnkmaueabdbbyvncfx/Build/Intermediates.noindex/NotchToDo.build/Debug/NotchToDo.build/Objects-normal/arm64/NotchToDo.swiftmodule -validate-clang-modules-once -clang-build-session-file /Users/kealanjones/Library/Developer/Xcode/DerivedData/ModuleCache.noindex/Session.modulevalidation -Xcc -I/Users/kealanjones/Library/Developer/Xcode/DerivedData/NotchToDo-aodeyrgkybjnkmaueabdbbyvncfx/Build/Intermediates.noindex/NotchToDo.build/Debug/NotchToDo.build/swift-overrides.hmap -emit-const-values -Xfrontend -const-gather-protocols-file -Xfrontend /Users/kealanjones/Library/Developer/Xcode/DerivedData/NotchToDo-aodeyrgkybjnkmaueabdbbyvncfx/Build/Intermediates.noindex/NotchToDo.build/Debug/NotchToDo.build/Objects-normal/arm64/NotchToDo_const_extract_protocols.json -Xcc -iquote -Xcc /Users/kealanjones/Library/Developer/Xcode/DerivedData/NotchToDo-aodeyrgkybjnkmaueabdbbyvncfx/Build/Intermediates.noindex/NotchToDo.build/Debug/NotchToDo.build/NotchToDo-generated-files.hmap -Xcc -I/Users/kealanjones/Library/Developer/Xcode/DerivedData/NotchToDo-aodeyrgkybjnkmaueabdbbyvncfx/Build/Intermediates.noindex/NotchToDo.build/Debug/NotchToDo.build/NotchToDo-own-target-headers.hmap -Xcc -I/Users/kealanjones/Library/Developer/Xcode/DerivedData/NotchToDo-aodeyrgkybjnkmaueabdbbyvncfx/Build/Intermediates.noindex/NotchToDo.build/Debug/NotchToDo.build/NotchToDo-all-target-headers.hmap -Xcc -iquote -Xcc /Users/kealanjones/Library/Developer/Xcode/DerivedData/NotchToDo-aodeyrgkybjnkmaueabdbbyvncfx/Build/Intermediates.noindex/NotchToDo.build/Debug/NotchToDo.build/NotchToDo-project-headers.hmap -Xcc -I/Users/kealanjones/Library/Developer/Xcode/DerivedData/NotchToDo-aodeyrgkybjnkmaueabdbbyvncfx/Build/Products/Debug/include -Xcc -I/Users/kealanjones/Library/Developer/Xcode/DerivedData/NotchToDo-aodeyrgkybjnkmaueabdbbyvncfx/Build/Intermediates.noindex/NotchToDo.build/Debug/NotchToDo.build/DerivedSources-normal/arm64 -Xcc -I/Users/kealanjones/Library/Developer/Xcode/DerivedData/NotchToDo-aodeyrgkybjnkmaueabdbbyvncfx/Build/Intermediates.noindex/NotchToDo.build/Debug/NotchToDo.build/DerivedSources/arm64 -Xcc -I/Users/kealanjones/Library/Developer/Xcode/DerivedData/NotchToDo-aodeyrgkybjnkmaueabdbbyvncfx/Build/Intermediates.noindex/NotchToDo.build/Debug/NotchToDo.build/DerivedSources -Xcc -DDEBUG\=1 -emit-objc-header -emit-objc-header-path /Users/kealanjones/Library/Developer/Xcode/DerivedData/NotchToDo-aodeyrgkybjnkmaueabdbbyvncfx/Build/Intermediates.noindex/NotchToDo.build/Debug/NotchToDo.build/Objects-normal/arm64/NotchToDo-Swift.h -working-directory /Users/kealanjones/Desktop/Notch/NotchToDo -experimental-emit-module-separately -disable-cmo

SwiftCompile normal arm64 Compiling\ DebugLogger.swift /Users/kealanjones/Desktop/Notch/NotchToDo/NotchToDo/DebugLogger.swift (in target 'NotchToDo' from project 'NotchToDo')

SwiftCompile normal arm64 /Users/kealanjones/Desktop/Notch/NotchToDo/NotchToDo/DebugLogger.swift (in target 'NotchToDo' from project 'NotchToDo')
    cd /Users/kealanjones/Desktop/Notch/NotchToDo
    

SwiftCompile normal arm64 Compiling\ TaskCardView.swift /Users/kealanjones/Desktop/Notch/NotchToDo/NotchToDo/Views/TaskCardView.swift (in target 'NotchToDo' from project 'NotchToDo')
SwiftCompile normal arm64 /Users/kealanjones/Desktop/Notch/NotchToDo/NotchToDo/Views/TaskCardView.swift (in target 'NotchToDo' from project 'NotchToDo')
    cd /Users/kealanjones/Desktop/Notch/NotchToDo
    

SwiftEmitModule normal arm64 Emitting\ module\ for\ NotchToDo (in target 'NotchToDo' from project 'NotchToDo')

EmitSwiftModule normal arm64 (in target 'NotchToDo' from project 'NotchToDo')
    cd /Users/kealanjones/Desktop/Notch/NotchToDo
    

SwiftCompile normal arm64 Compiling\ AppDelegate.swift /Users/kealanjones/Desktop/Notch/NotchToDo/NotchToDo/AppDelegate.swift (in target 'NotchToDo' from project 'NotchToDo')
Failed frontend command:
/Applications/Xcode.app/Contents/Developer/Toolchains/XcodeDefault.xctoolchain/usr/bin/swift-frontend -frontend -c /Users/kealanjones/Desktop/Notch/NotchToDo/NotchToDo/NotchToDoApp.swift -primary-file /Users/kealanjones/Desktop/Notch/NotchToDo/NotchToDo/AppDelegate.swift /Users/kealanjones/Desktop/Notch/NotchToDo/NotchToDo/ListenState.swift /Users/kealanjones/Desktop/Notch/NotchToDo/NotchToDo/Views/NotchIndicatorView.swift /Users/kealanjones/Desktop/Notch/NotchToDo/NotchToDo/Models/OrbModels.swift /Users/kealanjones/Desktop/Notch/NotchToDo/NotchToDo/Views/TaskCardView.swift /Users/kealanjones/Desktop/Notch/NotchToDo/NotchToDo/FrameTicker.swift /Users/kealanjones/Desktop/Notch/NotchToDo/NotchToDo/SpringValue.swift /Users/kealanjones/Desktop/Notch/NotchToDo/NotchToDo/GradientCache.swift /Users/kealanjones/Desktop/Notch/NotchToDo/NotchToDo/Views/SpeechCaptureBubbleView.swift /Users/kealanjones/Desktop/Notch/NotchToDo/NotchToDo/Views/TaskDetailView.swift /Users/kealanjones/Desktop/Notch/NotchToDo/NotchToDo/NotchOverlayController.swift /Users/kealanjones/Desktop/Notch/NotchToDo/NotchToDo/MockWakeWordEngine.swift /Users/kealanjones/Desktop/Notch/NotchToDo/NotchToDo/MockSpeechRecognizer.swift /Users/kealanjones/Desktop/Notch/NotchToDo/NotchToDo/IntentClassification.swift /Users/kealanjones/Desktop/Notch/NotchToDo/NotchToDo/DebugLogger.swift /Users/kealanjones/Desktop/Notch/NotchToDo/NotchToDo/IntentRouter.swift -emit-dependencies-path /Users/kealanjones/Library/Developer/Xcode/DerivedData/NotchToDo-aodeyrgkybjnkmaueabdbbyvncfx/Build/Intermediates.noindex/NotchToDo.build/Debug/NotchToDo.build/Objects-normal/arm64/AppDelegate.d -emit-const-values-path /Users/kealanjones/Library/Developer/Xcode/DerivedData/NotchToDo-aodeyrgkybjnkmaueabdbbyvncfx/Build/Intermediates.noindex/NotchToDo.build/Debug/NotchToDo.build/Objects-normal/arm64/AppDelegate.swiftconstvalues -emit-reference-dependencies-path /Users/kealanjones/Library/Developer/Xcode/DerivedData/NotchToDo-aodeyrgkybjnkmaueabdbbyvncfx/Build/Intermediates.noindex/NotchToDo.build/Debug/NotchToDo.build/Objects-normal/arm64/AppDelegate.swiftdeps -serialize-diagnostics-path /Users/kealanjones/Library/Developer/Xcode/DerivedData/NotchToDo-aodeyrgkybjnkmaueabdbbyvncfx/Build/Intermediates.noindex/NotchToDo.build/Debug/NotchToDo.build/Objects-normal/arm64/AppDelegate.dia -emit-localized-strings -emit-localized-strings-path /Users/kealanjones/Library/Developer/Xcode/DerivedData/NotchToDo-aodeyrgkybjnkmaueabdbbyvncfx/Build/Intermediates.noindex/NotchToDo.build/Debug/NotchToDo.build/Objects-normal/arm64 -target arm64-apple-macos13.0 -load-resolved-plugin /Applications/Xcode.app/Contents/Developer/Platforms/MacOSX.platform/Developer/usr/lib/swift/host/plugins/libFoundationMacros.dylib\#/Applications/Xcode.app/Contents/Developer/Platforms/MacOSX.platform/Developer/usr/bin/swift-plugin-server\#FoundationMacros -load-resolved-plugin /Applications/Xcode.app/Contents/Developer/Platforms/MacOSX.platform/Developer/usr/lib/swift/host/plugins/libObservationMacros.dylib\#/Applications/Xcode.app/Contents/Developer/Platforms/MacOSX.platform/Developer/usr/bin/swift-plugin-server\#ObservationMacros -load-resolved-plugin /Applications/Xcode.app/Contents/Developer/Platforms/MacOSX.platform/Developer/usr/lib/swift/host/plugins/libPreviewsMacros.dylib\#/Applications/Xcode.app/Contents/Developer/Platforms/MacOSX.platform/Developer/usr/bin/swift-plugin-server\#PreviewsMacros -load-resolved-plugin /Applications/Xcode.app/Contents/Developer/Platforms/MacOSX.platform/Developer/usr/lib/swift/host/plugins/libSwiftMacros.dylib\#/Applications/Xcode.app/Contents/Developer/Platforms/MacOSX.platform/Developer/usr/bin/swift-plugin-server\#SwiftMacros -load-resolved-plugin /Applications/Xcode.app/Contents/Developer/Platforms/MacOSX.platform/Developer/usr/lib/swift/host/plugins/libSwiftUIMacros.dylib\#/Applications/Xcode.app/Contents/Developer/Platforms/MacOSX.platform/Developer/usr/bin/swift-plugin-server\#SwiftUIMacros -disable-implicit-swift-modules -Xcc -fno-implicit-modules -Xcc -fno-implicit-module-maps -explicit-swift-module-map-file /Users/kealanjones/Library/Developer/Xcode/DerivedData/NotchToDo-aodeyrgkybjnkmaueabdbbyvncfx/Build/Intermediates.noindex/NotchToDo.build/Debug/NotchToDo.build/Objects-normal/arm64/NotchToDo-dependencies-1.json -Xllvm -aarch64-use-tbi -enable-objc-interop -stack-check -sdk /Applications/Xcode.app/Contents/Developer/Platforms/MacOSX.platform/Developer/SDKs/MacOSX26.0.sdk -I /Users/kealanjones/Library/Developer/Xcode/DerivedData/NotchToDo-aodeyrgkybjnkmaueabdbbyvncfx/Build/Products/Debug -F /Users/kealanjones/Library/Developer/Xcode/DerivedData/NotchToDo-aodeyrgkybjnkmaueabdbbyvncfx/Build/Products/Debug -no-color-diagnostics -Xcc -fno-color-diagnostics -enable-testing -g -debug-info-format\=dwarf -dwarf-version\=4 -module-cache-path /Users/kealanjones/Library/Developer/Xcode/DerivedData/NotchToDo-aodeyrgkybjnkmaueabdbbyvncfx/Build/Intermediates.noindex/SwiftExplicitPrecompiledModules -swift-version 5 -enforce-exclusivity\=checked -Onone -D DEBUG -serialize-debugging-options -const-gather-protocols-file /Users/kealanjones/Library/Developer/Xcode/DerivedData/NotchToDo-aodeyrgkybjnkmaueabdbbyvncfx/Build/Intermediates.noindex/NotchToDo.build/Debug/NotchToDo.build/Objects-normal/arm64/NotchToDo_const_extract_protocols.json -enable-experimental-feature DebugDescriptionMacro -enable-bare-slash-regex -empty-abi-descriptor -validate-clang-modules-once -clang-build-session-file /Users/kealanjones/Library/Developer/Xcode/DerivedData/ModuleCache.noindex/Session.modulevalidation -Xcc -working-directory -Xcc /Users/kealanjones/Desktop/Notch/NotchToDo -enable-anonymous-context-mangled-names -file-compilation-dir /Users/kealanjones/Desktop/Notch/NotchToDo -Xcc -D_LIBCPP_HARDENING_MODE\=_LIBCPP_HARDENING_MODE_DEBUG -Xcc -ivfsstatcache -Xcc /Users/kealanjones/Library/Developer/Xcode/DerivedData/SDKStatCaches.noindex/macosx26.0-25A352-28806144b0707e398aac92880fa50324.sdkstatcache -Xcc -I/Users/kealanjones/Library/Developer/Xcode/DerivedData/NotchToDo-aodeyrgkybjnkmaueabdbbyvncfx/Build/Intermediates.noindex/NotchToDo.build/Debug/NotchToDo.build/swift-overrides.hmap -Xcc -iquote -Xcc /Users/kealanjones/Library/Developer/Xcode/DerivedData/NotchToDo-aodeyrgkybjnkmaueabdbbyvncfx/Build/Intermediates.noindex/NotchToDo.build/Debug/NotchToDo.build/NotchToDo-generated-files.hmap -Xcc -I/Users/kealanjones/Library/Developer/Xcode/DerivedData/NotchToDo-aodeyrgkybjnkmaueabdbbyvncfx/Build/Intermediates.noindex/NotchToDo.build/Debug/NotchToDo.build/NotchToDo-own-target-headers.hmap -Xcc -I/Users/kealanjones/Library/Developer/Xcode/DerivedData/NotchToDo-aodeyrgkybjnkmaueabdbbyvncfx/Build/Intermediates.noindex/NotchToDo.build/Debug/NotchToDo.build/NotchToDo-all-target-headers.hmap -Xcc -iquote -Xcc /Users/kealanjones/Library/Developer/Xcode/DerivedData/NotchToDo-aodeyrgkybjnkmaueabdbbyvncfx/Build/Intermediates.noindex/NotchToDo.build/Debug/NotchToDo.build/NotchToDo-project-headers.hmap -Xcc -I/Users/kealanjones/Library/Developer/Xcode/DerivedData/NotchToDo-aodeyrgkybjnkmaueabdbbyvncfx/Build/Products/Debug/include -Xcc -I/Users/kealanjones/Library/Developer/Xcode/DerivedData/NotchToDo-aodeyrgkybjnkmaueabdbbyvncfx/Build/Intermediates.noindex/NotchToDo.build/Debug/NotchToDo.build/DerivedSources-normal/arm64 -Xcc -I/Users/kealanjones/Library/Developer/Xcode/DerivedData/NotchToDo-aodeyrgkybjnkmaueabdbbyvncfx/Build/Intermediates.noindex/NotchToDo.build/Debug/NotchToDo.build/DerivedSources/arm64 -Xcc -I/Users/kealanjones/Library/Developer/Xcode/DerivedData/NotchToDo-aodeyrgkybjnkmaueabdbbyvncfx/Build/Intermediates.noindex/NotchToDo.build/Debug/NotchToDo.build/DerivedSources -Xcc -DDEBUG\=1 -no-auto-bridging-header-chaining -module-name NotchToDo -frontend-parseable-output -disable-clang-spi -target-sdk-version 26.0 -target-sdk-name macosx26.0 -clang-target arm64-apple-macos26.0 -in-process-plugin-server-path /Applications/Xcode.app/Contents/Developer/Toolchains/XcodeDefault.xctoolchain/usr/lib/swift/host/libSwiftInProcPluginServer.dylib -o /Users/kealanjones/Library/Developer/Xcode/DerivedData/NotchToDo-aodeyrgkybjnkmaueabdbbyvncfx/Build/Intermediates.noindex/NotchToDo.build/Debug/NotchToDo.build/Objects-normal/arm64/AppDelegate.o -index-unit-output-path /NotchToDo.build/Debug/NotchToDo.build/Objects-normal/arm64/AppDelegate.o -index-store-path /Users/kealanjones/Library/Developer/Xcode/DerivedData/NotchToDo-aodeyrgkybjnkmaueabdbbyvncfx/Index.noindex/DataStore -index-system-modules

SwiftCompile normal arm64 /Users/kealanjones/Desktop/Notch/NotchToDo/NotchToDo/AppDelegate.swift (in target 'NotchToDo' from project 'NotchToDo')
    cd /Users/kealanjones/Desktop/Notch/NotchToDo
    
/Users/kealanjones/Desktop/Notch/NotchToDo/NotchToDo/AppDelegate.swift:125:28: warning: 'popUpMenu' was deprecated in macOS 10.14: Use the menu property instead
                statusItem.popUpMenu(debugMenu)
                           ^
/Users/kealanjones/Desktop/Notch/NotchToDo/NotchToDo/AppDelegate.swift:136:47: error: extra trailing closure passed in call
        overlayController?.activateNotchTrace { [weak self] in
                                              ^~~~~~~~~~~~~~~~
/Users/kealanjones/Desktop/Notch/NotchToDo/NotchToDo/AppDelegate.swift:138:37: error: value of type 'NotchOverlayController' has no member 'beginSpeechCaptureSession'
            self.overlayController?.beginSpeechCaptureSession()
            ~~~~~~~~~~~~~~~~~~~~~~~ ^~~~~~~~~~~~~~~~~~~~~~~~~
/Users/kealanjones/Desktop/Notch/NotchToDo/NotchToDo/AppDelegate.swift:144:28: error: value of type 'NotchOverlayController' has no member 'updateSpeechCapture'
        overlayController?.updateSpeechCapture(partialTranscript: partial)
        ~~~~~~~~~~~~~~~~~~ ^~~~~~~~~~~~~~~~~~~
/Users/kealanjones/Desktop/Notch/NotchToDo/NotchToDo/AppDelegate.swift:157:32: error: value of type 'NotchOverlayController' has no member 'finalizeSpeechCaptureForCommand'
            overlayController?.finalizeSpeechCaptureForCommand(transcript: final, status: nil, completion: nil)
            ~~~~~~~~~~~~~~~~~~ ^~~~~~~~~~~~~~~~~~~~~~~~~~~~~~~
/Users/kealanjones/Desktop/Notch/NotchToDo/NotchToDo/AppDelegate.swift:157:91: error: 'nil' requires a contextual type
            overlayController?.finalizeSpeechCaptureForCommand(transcript: final, status: nil, completion: nil)
                                                                                          ^
/Users/kealanjones/Desktop/Notch/NotchToDo/NotchToDo/AppDelegate.swift:157:108: error: 'nil' requires a contextual type
            overlayController?.finalizeSpeechCaptureForCommand(transcript: final, status: nil, completion: nil)
                                                                                                           ^
/Users/kealanjones/Desktop/Notch/NotchToDo/NotchToDo/AppDelegate.swift:163:32: error: value of type 'NotchOverlayController' has no member 'finalizeSpeechCapture'
            overlayController?.finalizeSpeechCapture(with: final, resolvedTaskTitle: title)
            ~~~~~~~~~~~~~~~~~~ ^~~~~~~~~~~~~~~~~~~~~
/Users/kealanjones/Desktop/Notch/NotchToDo/NotchToDo/AppDelegate.swift:165:32: error: value of type 'NotchOverlayController' has no member 'finalizeSpeechCaptureForCommand'
            overlayController?.finalizeSpeechCaptureForCommand(transcript: final, status: "Opening Notch…") { [weak self] in
/Users/kealanjones/Desktop/Notch/NotchToDo/NotchToDo/AppDelegate.swift:166:42: error: value of type 'NotchOverlayController' has no member 'revealOverlayForVoice'
                self?.overlayController?.revealOverlayForVoice()
                ~~~~~~~~~~~~~~~~~~~~~~~~ ^~~~~~~~~~~~~~~~~~~~~
/Users/kealanjones/Desktop/Notch/NotchToDo/NotchToDo/AppDelegate.swift:169:32: error: value of type 'NotchOverlayController' has no member 'finalizeSpeechCaptureForCommand'
            overlayController?.finalizeSpeechCaptureForCommand(transcript: final, status: "Creating \(name)…") { [weak self] in
/Users/kealanjones/Desktop/Notch/NotchToDo/NotchToDo/AppDelegate.swift:174:32: error: value of type 'NotchOverlayController' has no member 'showClarificationPrompt'
            overlayController?.showClarificationPrompt(for: title)
            ~~~~~~~~~~~~~~~~~~ ^~~~~~~~~~~~~~~~~~~~~~~
/Users/kealanjones/Desktop/Notch/NotchToDo/NotchToDo/AppDelegate.swift:176:32: error: value of type 'NotchOverlayController' has no member 'finalizeSpeechCaptureForCommand'
            overlayController?.finalizeSpeechCaptureForCommand(transcript: final, status: nil, completion: nil)
            ~~~~~~~~~~~~~~~~~~ ^~~~~~~~~~~~~~~~~~~~~~~~~~~~~~~
/Users/kealanjones/Desktop/Notch/NotchToDo/NotchToDo/AppDelegate.swift:176:91: error: 'nil' requires a contextual type
            overlayController?.finalizeSpeechCaptureForCommand(transcript: final, status: nil, completion: nil)
                                                                                          ^
/Users/kealanjones/Desktop/Notch/NotchToDo/NotchToDo/AppDelegate.swift:176:108: error: 'nil' requires a contextual type
            overlayController?.finalizeSpeechCaptureForCommand(transcript: final, status: nil, completion: nil)
                                                                                                           ^
/Users/kealanjones/Desktop/Notch/NotchToDo/NotchToDo/AppDelegate.swift:185:32: error: value of type 'NotchOverlayController' has no member 'remindClarification'
            overlayController?.remindClarification(for: pending.pendingTitle)
            ~~~~~~~~~~~~~~~~~~ ^~~~~~~~~~~~~~~~~~~
/Users/kealanjones/Desktop/Notch/NotchToDo/NotchToDo/AppDelegate.swift:190:32: error: value of type 'NotchOverlayController' has no member 'dismissClarificationPrompt'
            overlayController?.dismissClarificationPrompt()
            ~~~~~~~~~~~~~~~~~~ ^~~~~~~~~~~~~~~~~~~~~~~~~~
/Users/kealanjones/Desktop/Notch/NotchToDo/NotchToDo/AppDelegate.swift:195:32: error: value of type 'NotchOverlayController' has no member 'dismissClarificationPrompt'
            overlayController?.dismissClarificationPrompt()
            ~~~~~~~~~~~~~~~~~~ ^~~~~~~~~~~~~~~~~~~~~~~~~~
/Users/kealanjones/Desktop/Notch/NotchToDo/NotchToDo/AppDelegate.swift:196:32: error: value of type 'NotchOverlayController' has no member 'finalizeSpeechCapture'
            overlayController?.finalizeSpeechCapture(with: pending.pendingTitle, resolvedTaskTitle: pending.pendingTitle)
            ~~~~~~~~~~~~~~~~~~ ^~~~~~~~~~~~~~~~~~~~~
/Users/kealanjones/Desktop/Notch/NotchToDo/NotchToDo/AppDelegate.swift:201:32: error: value of type 'NotchOverlayController' has no member 'dismissClarificationPrompt'
            overlayController?.dismissClarificationPrompt()
            ~~~~~~~~~~~~~~~~~~ ^~~~~~~~~~~~~~~~~~~~~~~~~~
/Users/kealanjones/Desktop/Notch/NotchToDo/NotchToDo/AppDelegate.swift:202:32: error: value of type 'NotchOverlayController' has no member 'finalizeSpeechCaptureForCommand'
            overlayController?.finalizeSpeechCaptureForCommand(transcript: transcript, status: "Creating \(pending.pendingTitle)…") { [weak self] in
/Users/kealanjones/Desktop/Notch/NotchToDo/NotchToDo/AppDelegate.swift:207:28: error: value of type 'NotchOverlayController' has no member 'remindClarification'
        overlayController?.remindClarification(for: pending.pendingTitle)
        ~~~~~~~~~~~~~~~~~~ ^~~~~~~~~~~~~~~~~~~
/Users/kealanjones/Desktop/Notch/NotchToDo/NotchToDo/AppDelegate.swift:251:28: error: value of type 'NotchOverlayController' has no member 'debugResetUIState'
        overlayController?.debugResetUIState()
        ~~~~~~~~~~~~~~~~~~ ^~~~~~~~~~~~~~~~~

SwiftCompile normal arm64 Compiling\ OrbModels.swift /Users/kealanjones/Desktop/Notch/NotchToDo/NotchToDo/Models/OrbModels.swift (in target 'NotchToDo' from project 'NotchToDo')

SwiftCompile normal arm64 /Users/kealanjones/Desktop/Notch/NotchToDo/NotchToDo/Models/OrbModels.swift (in target 'NotchToDo' from project 'NotchToDo')
    cd /Users/kealanjones/Desktop/Notch/NotchToDo
    

SwiftCompile normal arm64 Compiling\ NotchOverlayController.swift /Users/kealanjones/Desktop/Notch/NotchToDo/NotchToDo/NotchOverlayController.swift (in target 'NotchToDo' from project 'NotchToDo')

SwiftCompile normal arm64 /Users/kealanjones/Desktop/Notch/NotchToDo/NotchToDo/NotchOverlayController.swift (in target 'NotchToDo' from project 'NotchToDo')
    cd /Users/kealanjones/Desktop/Notch/NotchToDo
    

SwiftDriverJobDiscovery normal arm64 Compiling DebugLogger.swift (in target 'NotchToDo' from project 'NotchToDo')

** BUILD FAILED **


The following build commands failed:
	SwiftCompile normal arm64 Compiling\ AppDelegate.swift /Users/kealanjones/Desktop/Notch/NotchToDo/NotchToDo/AppDelegate.swift (in target 'NotchToDo' from project 'NotchToDo')
	SwiftCompile normal arm64 /Users/kealanjones/Desktop/Notch/NotchToDo/NotchToDo/AppDelegate.swift (in target 'NotchToDo' from project 'NotchToDo')
	Building project NotchToDo with scheme NotchToDo and configuration Debug
(3 failures)
